// Jest Snapshot v1, https://goo.gl/fbAQLP

exports[`Testing at <GifGridItem /> should show correctly the component 1`] = `
<div
  className="card animate__animated animate__fadeIn"
>
  <img
    alt="Un titulo"
    src="https://localhost/algo.jpg"
  />
  <p>
     
    Un titulo
     
  </p>
</div>
`;
